# serializer version: 1
# name: TestMarkdownRenderer.test_inline_bold
  list([
    tuple(
      '',
      'this is ',
    ),
    tuple(
      'bold',
      'important',
    ),
    tuple(
      '',
      ' text',
    ),
  ])
# ---
# name: TestMarkdownRenderer.test_inline_code
  list([
    tuple(
      '',
      'use ',
    ),
    tuple(
      'class:msg-assistant',
      'function()',
    ),
    tuple(
      '',
      ' here',
    ),
  ])
# ---
# name: TestMarkdownRenderer.test_inline_italic
  list([
    tuple(
      '',
      'this is ',
    ),
    tuple(
      'italic',
      'emphasized',
    ),
    tuple(
      '',
      ' text',
    ),
  ])
# ---
# name: TestMarkdownRenderer.test_inline_link
  list([
    tuple(
      '',
      'see ',
    ),
    tuple(
      'class:msg-assistant underline',
      'docs',
    ),
  ])
# ---
# name: TestMarkdownRenderer.test_inline_mixed
  list([
    tuple(
      'class:msg-assistant',
      'code',
    ),
    tuple(
      '',
      ' and ',
    ),
    tuple(
      'bold',
      'bold',
    ),
    tuple(
      '',
      ' and ',
    ),
    tuple(
      'italic',
      'italic',
    ),
  ])
# ---
# name: TestMsgPrefix.test_prefix_compact[assistant]
  '[A] '
# ---
# name: TestMsgPrefix.test_prefix_compact[error]
  '[E] '
# ---
# name: TestMsgPrefix.test_prefix_compact[system]
  '[S] '
# ---
# name: TestMsgPrefix.test_prefix_compact[tool]
  ''
# ---
# name: TestMsgPrefix.test_prefix_compact[user]
  '[U] '
# ---
# name: TestMsgPrefix.test_prefix_compact[warning]
  ''
# ---
# name: TestMsgPrefix.test_prefix_full[assistant]
  '[A] AI 回复 '
# ---
# name: TestMsgPrefix.test_prefix_full[error]
  '[E] 错误 '
# ---
# name: TestMsgPrefix.test_prefix_full[user]
  '[U] 用户消息 '
# ---
# name: TestSplashComponents.test_border_line_custom
  '  [#5a5a8a]╚══════════════════════════════════════════════════════════════╝[/]'
# ---
# name: TestSplashComponents.test_border_line_default
  '  [#5a5a8a]╔══════════════════════════════════════════════════════════════╗[/]'
# ---
# name: TestSplashComponents.test_logo_lines_snapshot
  '''
  [#0a0a1a] [/][#0a0a1a] [/][#c08030]░[/][#c08030]░[/][#ffb347]█[/][#ffb347]█[/][#ffb347]█[/][#ffb347]█[/][#ffb347]█[/][#ffb347]█[/][#ffb347]█[/][#ffb347]█[/][#c08030]░[/][#c08030]░[/][#0a0a1a] [/][#0a0a1a] [/][#0a0a1a] [/][#0a0a1a] [/][#c08030]░[/][#c08030]░[/][#ffb347]█[/][#ffb347]█[/][#ffb347]█[/][#ffb347]█[/][#ffb347]█[/][#ffb347]█[/][#ffb347]█[/][#ffb347]█[/][#c08030]░[/][#c08030]░[/][#0a0a1a] [/][#0a0a1a] [/][#0a0a1a] [/][#0a0a1a] [/][#c08030]░[/][#c08030]░[/][#ffb347]█[/][#ffb347]█[/][#c08030]░[/][#c08030]░[/][#c08030]░[/][#c08030]░[/][#ffb347]█[/][#ffb347]█[/][#c08030]░[/][#c08030]░[/][#0a0a1a] [/][#0a0a1a] [/][#0a0a1a] [/][#0a0a1a] [/][#c08030]░[/][#c08030]░[/][#ffb347]█[/][#ffb347]█[/][#c08030]░[/][#c08030]░[/][#c08030]░[/][#c08030]░[/][#ffb347]█[/][#ffb347]█[/][#c08030]░[/][#c08030]░[/][#0a0a1a] [/][#0a0a1a] [/]
  [#0a0a1a] [/][#0a0a1a] [/][#ffb347]█[/][#ffb347]█[/][#ffb347]█[/][#ffb347]█[/][#ffb347]█[/][#ffb347]█[/][#ffb347]█[/][#ffb347]█[/][#ffb347]█[/][#ffb347]█[/][#ffb347]█[/][#ffb347]█[/][#0a0a1a] [/][#0a0a1a] [/][#0a0a1a] [/][#0a0a1a] [/][#ffb347]█[/][#ffb347]█[/][#ffb347]█[/][#ffb347]█[/][#ffb347]█[/][#ffb347]█[/][#ffb347]█[/][#ffb347]█[/][#ffb347]█[/][#ffb347]█[/][#ffb347]█[/][#ffb347]█[/][#0a0a1a] [/][#0a0a1a] [/][#0a0a1a] [/][#0a0a1a] [/][#ffb347]█[/][#ffb347]█[/][#ffb347]█[/][#ffb347]█[/][#ffb347]█[/][#ffb347]█[/][#ffb347]█[/][#ffb347]█[/][#ffb347]█[/][#ffb347]█[/][#ffb347]█[/][#ffb347]█[/][#0a0a1a] [/][#0a0a1a] [/][#0a0a1a] [/][#0a0a1a] [/][#ffb347]█[/][#ffb347]█[/][#ffb347]█[/][#ffb347]█[/][#ffb347]█[/][#ffb347]█[/][#ffb347]█[/][#ffb347]█[/][#ffb347]█[/][#ffb347]█[/][#ffb347]█[/][#ffb347]█[/][#0a0a1a] [/][#0a0a1a] [/]
  [#0a0a1a] [/][#ffb347]█[/][#ffb347]█[/][#ffb347]█[/][#ffb347]█[/][#c08030]░[/][#c08030]░[/][#c08030]░[/][#c08030]░[/][#c08030]░[/][#c08030]░[/][#ffb347]█[/][#ffb347]█[/][#ffb347]█[/][#ffb347]█[/][#0a0a1a] [/][#0a0a1a] [/][#ffb347]█[/][#ffb347]█[/][#ffb347]█[/][#ffb347]█[/][#c08030]░[/][#c08030]░[/][#c08030]░[/][#c08030]░[/][#ffb347]█[/][#ffb347]█[/][#ffb347]█[/][#ffb347]█[/][#0a0a1a] [/][#0a0a1a] [/][#0a0a1a] [/][#0a0a1a] [/][#ffb347]█[/][#ffb347]█[/][#ffb347]█[/][#ffb347]█[/][#c08030]░[/][#c08030]░[/][#c08030]░[/][#c08030]░[/][#ffb347]█[/][#ffb347]█[/][#ffb347]█[/][#ffb347]█[/][#0a0a1a] [/][#0a0a1a] [/][#0a0a1a] [/][#0a0a1a] [/][#ffb347]█[/][#ffb347]█[/][#ffb347]█[/][#ffb347]█[/][#c08030]░[/][#c08030]░[/][#c08030]░[/][#c08030]░[/][#ffb347]█[/][#ffb347]█[/][#ffb347]█[/][#ffb347]█[/][#0a0a1a] [/][#0a0a1a] [/]
  [#0a0a1a] [/][#ffb347]█[/][#ffb347]█[/][#ffb347]█[/][#ffb347]█[/][#c08030]░[/][#c08030]░[/][#c08030]░[/][#c08030]░[/][#c08030]░[/][#c08030]░[/][#ffb347]█[/][#ffb347]█[/][#ffb347]█[/][#ffb347]█[/][#0a0a1a] [/][#0a0a1a] [/][#ffb347]█[/][#ffb347]█[/][#ffb347]█[/][#ffb347]█[/][#ffb347]█[/][#ffb347]█[/][#ffb347]█[/][#ffb347]█[/][#ffb347]█[/][#ffb347]█[/][#0a0a1a] [/][#0a0a1a] [/][#0a0a1a] [/][#0a0a1a] [/][#0a0a1a] [/][#0a0a1a] [/][#ffb347]█[/][#ffb347]█[/][#ffb347]█[/][#ffb347]█[/][#c08030]░[/][#c08030]░[/][#c08030]░[/][#c08030]░[/][#ffb347]█[/][#ffb347]█[/][#ffb347]█[/][#ffb347]█[/][#0a0a1a] [/][#0a0a1a] [/][#0a0a1a] [/][#0a0a1a] [/][#ffb347]█[/][#ffb347]█[/][#c08030]░[/][#c08030]░[/][#ffb347]█[/][#ffb347]█[/][#ffb347]█[/][#ffb347]█[/][#c08030]░[/][#c08030]░[/][#ffb347]█[/][#ffb347]█[/][#0a0a1a] [/][#0a0a1a] [/]
  [#0a0a1a] [/][#ffb347]█[/][#ffb347]█[/][#ffb347]█[/][#ffb347]█[/][#c08030]░[/][#c08030]░[/][#c08030]░[/][#c08030]░[/][#c08030]░[/][#c08030]░[/][#ffb347]█[/][#ffb347]█[/][#ffb347]█[/][#ffb347]█[/][#0a0a1a] [/][#0a0a1a] [/][#ffb347]█[/][#ffb347]█[/][#ffb347]█[/][#ffb347]█[/][#ffb347]█[/][#ffb347]█[/][#ffb347]█[/][#ffb347]█[/][#ffb347]█[/][#ffb347]█[/][#0a0a1a] [/][#0a0a1a] [/][#0a0a1a] [/][#0a0a1a] [/][#0a0a1a] [/][#0a0a1a] [/][#ffb347]█[/][#ffb347]█[/][#ffb347]█[/][#ffb347]█[/][#ffb347]█[/][#ffb347]█[/][#ffb347]█[/][#ffb347]█[/][#ffb347]█[/][#ffb347]█[/][#ffb347]█[/][#ffb347]█[/][#0a0a1a] [/][#0a0a1a] [/][#0a0a1a] [/][#0a0a1a] [/][#ffb347]█[/][#ffb347]█[/][#c08030]░[/][#c08030]░[/][#c08030]░[/][#c08030]░[/][#c08030]░[/][#c08030]░[/][#c08030]░[/][#c08030]░[/][#ffb347]█[/][#ffb347]█[/][#0a0a1a] [/][#0a0a1a] [/]
  [#0a0a1a] [/][#ffb347]█[/][#ffb347]█[/][#ffb347]█[/][#ffb347]█[/][#c08030]░[/][#c08030]░[/][#c08030]░[/][#c08030]░[/][#c08030]░[/][#c08030]░[/][#ffb347]█[/][#ffb347]█[/][#ffb347]█[/][#ffb347]█[/][#0a0a1a] [/][#0a0a1a] [/][#ffb347]█[/][#ffb347]█[/][#ffb347]█[/][#ffb347]█[/][#c08030]░[/][#c08030]░[/][#ffb347]█[/][#ffb347]█[/][#ffb347]█[/][#ffb347]█[/][#0a0a1a] [/][#0a0a1a] [/][#0a0a1a] [/][#0a0a1a] [/][#0a0a1a] [/][#0a0a1a] [/][#ffb347]█[/][#ffb347]█[/][#ffb347]█[/][#ffb347]█[/][#ffb347]█[/][#ffb347]█[/][#ffb347]█[/][#ffb347]█[/][#ffb347]█[/][#ffb347]█[/][#ffb347]█[/][#ffb347]█[/][#0a0a1a] [/][#0a0a1a] [/][#0a0a1a] [/][#0a0a1a] [/][#ffb347]█[/][#ffb347]█[/][#c08030]░[/][#c08030]░[/][#c08030]░[/][#c08030]░[/][#c08030]░[/][#c08030]░[/][#c08030]░[/][#c08030]░[/][#ffb347]█[/][#ffb347]█[/][#0a0a1a] [/][#0a0a1a] [/]
  [#0a0a1a] [/][#ffb347]█[/][#ffb347]█[/][#ffb347]█[/][#ffb347]█[/][#c08030]░[/][#c08030]░[/][#c08030]░[/][#c08030]░[/][#c08030]░[/][#c08030]░[/][#ffb347]█[/][#ffb347]█[/][#ffb347]█[/][#ffb347]█[/][#0a0a1a] [/][#0a0a1a] [/][#ffb347]█[/][#ffb347]█[/][#ffb347]█[/][#ffb347]█[/][#c08030]░[/][#c08030]░[/][#c08030]░[/][#ffb347]█[/][#ffb347]█[/][#ffb347]█[/][#ffb347]█[/][#0a0a1a] [/][#0a0a1a] [/][#0a0a1a] [/][#0a0a1a] [/][#0a0a1a] [/][#ffb347]█[/][#ffb347]█[/][#ffb347]█[/][#ffb347]█[/][#c08030]░[/][#c08030]░[/][#c08030]░[/][#c08030]░[/][#ffb347]█[/][#ffb347]█[/][#ffb347]█[/][#ffb347]█[/][#0a0a1a] [/][#0a0a1a] [/][#0a0a1a] [/][#0a0a1a] [/][#ffb347]█[/][#ffb347]█[/][#c08030]░[/][#c08030]░[/][#ffb347]█[/][#ffb347]█[/][#ffb347]█[/][#ffb347]█[/][#c08030]░[/][#c08030]░[/][#ffb347]█[/][#ffb347]█[/][#0a0a1a] [/][#0a0a1a] [/]
  [#0a0a1a] [/][#ffb347]█[/][#ffb347]█[/][#ffb347]█[/][#ffb347]█[/][#c08030]░[/][#c08030]░[/][#c08030]░[/][#c08030]░[/][#c08030]░[/][#c08030]░[/][#ffb347]█[/][#ffb347]█[/][#ffb347]█[/][#ffb347]█[/][#0a0a1a] [/][#0a0a1a] [/][#ffb347]█[/][#ffb347]█[/][#ffb347]█[/][#ffb347]█[/][#c08030]░[/][#c08030]░[/][#c08030]░[/][#c08030]░[/][#ffb347]█[/][#ffb347]█[/][#ffb347]█[/][#ffb347]█[/][#0a0a1a] [/][#0a0a1a] [/][#0a0a1a] [/][#0a0a1a] [/][#ffb347]█[/][#ffb347]█[/][#ffb347]█[/][#ffb347]█[/][#c08030]░[/][#c08030]░[/][#c08030]░[/][#c08030]░[/][#ffb347]█[/][#ffb347]█[/][#ffb347]█[/][#ffb347]█[/][#0a0a1a] [/][#0a0a1a] [/][#0a0a1a] [/][#0a0a1a] [/][#ffb347]█[/][#ffb347]█[/][#c08030]░[/][#c08030]░[/][#c08030]░[/][#c08030]░[/][#c08030]░[/][#c08030]░[/][#c08030]░[/][#c08030]░[/][#ffb347]█[/][#ffb347]█[/][#0a0a1a] [/][#0a0a1a] [/]
  [#0a0a1a] [/][#0a0a1a] [/][#ffb347]█[/][#ffb347]█[/][#ffb347]█[/][#ffb347]█[/][#ffb347]█[/][#ffb347]█[/][#ffb347]█[/][#ffb347]█[/][#ffb347]█[/][#ffb347]█[/][#ffb347]█[/][#ffb347]█[/][#0a0a1a] [/][#0a0a1a] [/][#0a0a1a] [/][#0a0a1a] [/][#ffb347]█[/][#ffb347]█[/][#ffb347]█[/][#ffb347]█[/][#ffb347]█[/][#ffb347]█[/][#ffb347]█[/][#ffb347]█[/][#ffb347]█[/][#ffb347]█[/][#ffb347]█[/][#ffb347]█[/][#0a0a1a] [/][#0a0a1a] [/][#0a0a1a] [/][#0a0a1a] [/][#ffb347]█[/][#ffb347]█[/][#ffb347]█[/][#ffb347]█[/][#c08030]░[/][#c08030]░[/][#c08030]░[/][#c08030]░[/][#ffb347]█[/][#ffb347]█[/][#ffb347]█[/][#ffb347]█[/][#0a0a1a] [/][#0a0a1a] [/][#0a0a1a] [/][#0a0a1a] [/][#ffb347]█[/][#ffb347]█[/][#c08030]░[/][#c08030]░[/][#c08030]░[/][#c08030]░[/][#c08030]░[/][#c08030]░[/][#c08030]░[/][#c08030]░[/][#ffb347]█[/][#ffb347]█[/][#0a0a1a] [/][#0a0a1a] [/]
  [#0a0a1a] [/][#0a0a1a] [/][#c08030]░[/][#c08030]░[/][#ffb347]█[/][#ffb347]█[/][#ffb347]█[/][#ffb347]█[/][#ffb347]█[/][#ffb347]█[/][#ffb347]█[/][#ffb347]█[/][#c08030]░[/][#c08030]░[/][#0a0a1a] [/][#0a0a1a] [/][#0a0a1a] [/][#0a0a1a] [/][#c08030]░[/][#c08030]░[/][#ffb347]█[/][#ffb347]█[/][#ffb347]█[/][#ffb347]█[/][#ffb347]█[/][#ffb347]█[/][#ffb347]█[/][#ffb347]█[/][#c08030]░[/][#c08030]░[/][#0a0a1a] [/][#0a0a1a] [/][#0a0a1a] [/][#0a0a1a] [/][#c08030]░[/][#c08030]░[/][#ffb347]█[/][#ffb347]█[/][#c08030]░[/][#c08030]░[/][#c08030]░[/][#c08030]░[/][#ffb347]█[/][#ffb347]█[/][#c08030]░[/][#c08030]░[/][#0a0a1a] [/][#0a0a1a] [/][#0a0a1a] [/][#0a0a1a] [/][#c08030]░[/][#c08030]░[/][#ffb347]█[/][#ffb347]█[/][#c08030]░[/][#c08030]░[/][#c08030]░[/][#c08030]░[/][#ffb347]█[/][#ffb347]█[/][#c08030]░[/][#c08030]░[/][#0a0a1a] [/][#0a0a1a] [/]
  [#0a0a1a] [/][#0a0a1a] [/][#0a0a1a] [/][#0a0a1a] [/][#0a0a1a] [/][#0a0a1a] [/][#0a0a1a] [/][#0a0a1a] [/][#0a0a1a] [/][#0a0a1a] [/][#0a0a1a] [/][#0a0a1a] [/][#0a0a1a] [/][#0a0a1a] [/][#0a0a1a] [/][#0a0a1a] [/][#0a0a1a] [/][#0a0a1a] [/][#0a0a1a] [/][#0a0a1a] [/][#0a0a1a] [/][#0a0a1a] [/][#0a0a1a] [/][#0a0a1a] [/][#0a0a1a] [/][#0a0a1a] [/][#0a0a1a] [/][#0a0a1a] [/][#0a0a1a] [/][#0a0a1a] [/][#0a0a1a] [/][#0a0a1a] [/]
  '''
# ---
# name: TestSplashComponents.test_mode_tag[CRUX]
  '  [#c8c8d8]◆ CRUX[/]'
# ---
# name: TestSplashComponents.test_mode_tag[DEEPSEEK]
  '  [#c8c8d8]◆ DEEPSEEK[/]'
# ---
# name: TestSplashComponents.test_mode_tag[QWEN-3.6]
  '  [#c8c8d8]◆ QWEN-3.6[/]'
# ---
# name: TestSplashComponents.test_scanline
  '  [#3a3a5a]║──────────────────────────────────────────────────────────────║[/]'
# ---
# name: TestSplashComponents.test_status_lamp[API-True]
  '  [#00ff88]●[/] [#606080]API[/]'
# ---
# name: TestSplashComponents.test_status_lamp[Git-False]
  '  [#555555]○[/] [#606080]Git[/]'
# ---
# name: TestSplashComponents.test_status_lamp[Python-True]
  '  [#00ff88]●[/] [#606080]Python[/]'
# ---
